// Jest Snapshot v1, https://goo.gl/fbAQLP

exports[`Builder should render the default markup 1`] = `
<div>
  <div class="container">
    <div class="sheet">
      <div class="position-relative">
        <div class="ddm-form-header">
          <div class="btn-group ddm-page-settings" role="group">
            <div class="dropdown dropdown-action">
              <button aria-expanded="false" aria-haspopup="true" aria-label="toggle" class="dropdown-toggle btn btn-unstyled" title="actions" type="button">
                <svg aria-hidden="true" class="lexicon-icon lexicon-icon-ellipsis-v" focusable="false">
                  <title>ellipsis-v</title>
                  <use xlink:href="icons.svg#ellipsis-v"></use>
                </svg>
              </button>
            </div>
          </div>
        </div>
      </div>
    </div>
  </div>
  <div class="sidebar-container" ref="sidebar">
    <div class="sidebar sidebar-light">
      <nav class="component-tbar tbar">
        <div class="container-fluid">
          <ul class="tbar-nav">
            <li class="tbar-item">
              <a class="component-action" href="#1" ref="close" role="button">
                <svg aria-hidden="true" class="lexicon-icon lexicon-icon-times">
                  <use xlinkHref="icons.svg#times"></use>
                </svg>
              </a>
            </li>
          </ul>
        </div>
      </nav>
      <nav class="component-navigation-bar navbar navigation-bar navbar-collapse-absolute navbar-expand-md navbar-underline">
        <a aria-controls="sidebarLightCollapse00" aria-expanded="false" aria-label="Toggle Navigation" class="collapsed navbar-toggler navbar-toggler-link" data-toggle="collapse" href="#sidebarLightCollapse00" role="button">
          <span class="navbar-text-truncate">Details</span>
          <svg aria-hidden="true" class="lexicon-icon lexicon-icon-caret-bottom">
            <use xlinkHref="icons.svg#caret-bottom"></use>
          </svg>
        </a>
        <div class="collapse navbar-collapse" id="sidebarLightCollapse00">
          <ul class="nav navbar-nav" role="tablist">
            <li class="nav-item" data-index="0" ref="tab0">
              <a class="nav-link active" aria-controls="sidebarLightDetails" data-toggle="tab" href="#" role="tab">
                <span class="navbar-text-truncate">Elements</span>
              </a>
            </li>
          </ul>
        </div>
      </nav>
      <div class="ddm-sidebar-body"></div>
    </div>
  </div>
</div>
<div class="dropdown-menu" ref="menu">
  <ul class="list-unstyled">
    <li>
      <button class="btn dropdown-item btn-sm btn-link" aria-label="add-page" type="button">add-page</button>
    </li>
  </ul>
</div>
`;
